// Jest Snapshot v1, https://goo.gl/fbAQLP

exports[`python snapshot 1`] = `
" Initializer <span data-heading-title=\\"Initializer\\" data-heading-id=\\"awscdkawsecrcfnpublicrepositoryinitializer\\"></span>

\`\`\`python
import aws_cdk.aws_ecr

aws_cdk.aws_ecr.CfnPublicRepository(scope: Construct, 
                                    id: str, 
                                    repository_catalog_data: typing.Any = None, 
                                    repository_name: str = None, 
                                    repository_policy_text: typing.Any = None, 
                                    tags: typing.List[CfnTag] = None)
\`\`\`

# \`scope\`<sup>Required</sup> <span data-heading-title=\\"\`scope\`<sup>Required</sup>\\" data-heading-id=\\"awscdkawsecrcfnpublicrepositoryscope\\"></span>

- *Type:* [\`aws_cdk.core.Construct\`](#aws_cdk.core.Construct)

scope in which this resource is defined.

---

# \`id\`<sup>Required</sup> <span data-heading-title=\\"\`id\`<sup>Required</sup>\\" data-heading-id=\\"awscdkawsecrcfnpublicrepositoryid\\"></span>

- *Type:* \`str\`

scoped id of the resource.

---

# \`repository_catalog_data\`<sup>Optional</sup> <span data-heading-title=\\"\`repository_catalog_data\`<sup>Optional</sup>\\" data-heading-id=\\"awscdkawsecrcfnpublicrepositorypropsrepositorycatalogdata\\"></span>

- *Type:* \`typing.Any\`

\`AWS::ECR::PublicRepository.RepositoryCatalogData\`.

> [http://docs.aws.amazon.com/AWSCloudFormation/latest/UserGuide/aws-resource-ecr-publicrepository.html#cfn-ecr-publicrepository-repositorycatalogdata](http://docs.aws.amazon.com/AWSCloudFormation/latest/UserGuide/aws-resource-ecr-publicrepository.html#cfn-ecr-publicrepository-repositorycatalogdata)

---

# \`repository_name\`<sup>Optional</sup> <span data-heading-title=\\"\`repository_name\`<sup>Optional</sup>\\" data-heading-id=\\"awscdkawsecrcfnpublicrepositorypropsrepositoryname\\"></span>

- *Type:* \`str\`

\`AWS::ECR::PublicRepository.RepositoryName\`.

> [http://docs.aws.amazon.com/AWSCloudFormation/latest/UserGuide/aws-resource-ecr-publicrepository.html#cfn-ecr-publicrepository-repositoryname](http://docs.aws.amazon.com/AWSCloudFormation/latest/UserGuide/aws-resource-ecr-publicrepository.html#cfn-ecr-publicrepository-repositoryname)

---

# \`repository_policy_text\`<sup>Optional</sup> <span data-heading-title=\\"\`repository_policy_text\`<sup>Optional</sup>\\" data-heading-id=\\"awscdkawsecrcfnpublicrepositorypropsrepositorypolicytext\\"></span>

- *Type:* \`typing.Any\`

\`AWS::ECR::PublicRepository.RepositoryPolicyText\`.

> [http://docs.aws.amazon.com/AWSCloudFormation/latest/UserGuide/aws-resource-ecr-publicrepository.html#cfn-ecr-publicrepository-repositorypolicytext](http://docs.aws.amazon.com/AWSCloudFormation/latest/UserGuide/aws-resource-ecr-publicrepository.html#cfn-ecr-publicrepository-repositorypolicytext)

---

# \`tags\`<sup>Optional</sup> <span data-heading-title=\\"\`tags\`<sup>Optional</sup>\\" data-heading-id=\\"awscdkawsecrcfnpublicrepositorypropstags\\"></span>

- *Type:* typing.List[[\`aws_cdk.core.CfnTag\`](#aws_cdk.core.CfnTag)]

\`AWS::ECR::PublicRepository.Tags\`.

> [http://docs.aws.amazon.com/AWSCloudFormation/latest/UserGuide/aws-resource-ecr-publicrepository.html#cfn-ecr-publicrepository-tags](http://docs.aws.amazon.com/AWSCloudFormation/latest/UserGuide/aws-resource-ecr-publicrepository.html#cfn-ecr-publicrepository-tags)

---
"
`;

exports[`typescript snapshot 1`] = `
" Initializer <span data-heading-title=\\"Initializer\\" data-heading-id=\\"awscdkawsecrcfnpublicrepositoryinitializer\\"></span>

\`\`\`typescript
import { CfnPublicRepository } from '@aws-cdk/aws-ecr'

new CfnPublicRepository(scope: Construct, id: string, props?: CfnPublicRepositoryProps)
\`\`\`

# \`scope\`<sup>Required</sup> <span data-heading-title=\\"\`scope\`<sup>Required</sup>\\" data-heading-id=\\"awscdkawsecrcfnpublicrepositoryscope\\"></span>

- *Type:* [\`@aws-cdk/core.Construct\`](#@aws-cdk/core.Construct)

scope in which this resource is defined.

---

# \`id\`<sup>Required</sup> <span data-heading-title=\\"\`id\`<sup>Required</sup>\\" data-heading-id=\\"awscdkawsecrcfnpublicrepositoryid\\"></span>

- *Type:* \`string\`

scoped id of the resource.

---

# \`props\`<sup>Optional</sup> <span data-heading-title=\\"\`props\`<sup>Optional</sup>\\" data-heading-id=\\"awscdkawsecrcfnpublicrepositoryprops\\"></span>

- *Type:* [\`@aws-cdk/aws-ecr.CfnPublicRepositoryProps\`](#@aws-cdk/aws-ecr.CfnPublicRepositoryProps)

resource properties.

---
"
`;
